/home/user/.rbenv/versions/3.2.0/lib/ruby/gems/3.2.0/gems/mysql2-0.5.7/lib/mysql2/client.rb:146:in `_query': Mysql2::Error: Unknown column 'transactions.hash' in 'where clause' (ActiveRecord::StatementInvalid)
	from /home/user/.rbenv/versions/3.2.0/lib/ruby/gems/3.2.0/gems/mysql2-0.5.7/lib/mysql2/client.rb:146:in `block in query'
	from /home/user/.rbenv/versions/3.2.0/lib/ruby/gems/3.2.0/gems/mysql2-0.5.7/lib/mysql2/client.rb:145:in `handle_interrupt'
	from /home/user/.rbenv/versions/3.2.0/lib/ruby/gems/3.2.0/gems/mysql2-0.5.7/lib/mysql2/client.rb:145:in `query'
	from /home/user/.rbenv/versions/3.2.0/lib/ruby/gems/3.2.0/gems/activerecord-7.1.6/lib/active_record/connection_adapters/mysql2/database_statements.rb:100:in `block (2 levels) in raw_execute'
	from /home/user/.rbenv/versions/3.2.0/lib/ruby/gems/3.2.0/gems/activerecord-7.1.6/lib/active_record/connection_adapters/abstract_adapter.rb:1027:in `block in with_raw_connection'
	from /home/user/.rbenv/versions/3.2.0/lib/ruby/gems/3.2.0/gems/activesupport-7.1.6/lib/active_support/concurrency/null_lock.rb:9:in `synchronize'
	from /home/user/.rbenv/versions/3.2.0/lib/ruby/gems/3.2.0/gems/activerecord-7.1.6/lib/active_record/connection_adapters/abstract_adapter.rb:999:in `with_raw_connection'
	from /home/user/.rbenv/versions/3.2.0/lib/ruby/gems/3.2.0/gems/activerecord-7.1.6/lib/active_record/connection_adapters/mysql2/database_statements.rb:98:in `block in raw_execute'
	from /home/user/.rbenv/versions/3.2.0/lib/ruby/gems/3.2.0/gems/activesupport-7.1.6/lib/active_support/notifications/instrumenter.rb:58:in `instrument'
	from /home/user/.rbenv/versions/3.2.0/lib/ruby/gems/3.2.0/gems/activerecord-7.1.6/lib/active_record/connection_adapters/abstract_adapter.rb:1142:in `log'
	from /home/user/.rbenv/versions/3.2.0/lib/ruby/gems/3.2.0/gems/activerecord-7.1.6/lib/active_record/connection_adapters/mysql2/database_statements.rb:97:in `raw_execute'
	from /home/user/.rbenv/versions/3.2.0/lib/ruby/gems/3.2.0/gems/activerecord-7.1.6/lib/active_record/connection_adapters/abstract_mysql_adapter.rb:233:in `execute_and_free'
	from /home/user/.rbenv/versions/3.2.0/lib/ruby/gems/3.2.0/gems/activerecord-7.1.6/lib/active_record/connection_adapters/mysql2/database_statements.rb:23:in `internal_exec_query'
	from /home/user/.rbenv/versions/3.2.0/lib/ruby/gems/3.2.0/gems/activerecord-7.1.6/lib/active_record/connection_adapters/abstract/database_statements.rb:630:in `select'
	from /home/user/.rbenv/versions/3.2.0/lib/ruby/gems/3.2.0/gems/activerecord-7.1.6/lib/active_record/connection_adapters/abstract/database_statements.rb:71:in `select_all'
	from /home/user/.rbenv/versions/3.2.0/lib/ruby/gems/3.2.0/gems/activerecord-7.1.6/lib/active_record/connection_adapters/abstract/query_cache.rb:112:in `block in select_all'
	from /home/user/.rbenv/versions/3.2.0/lib/ruby/gems/3.2.0/gems/activerecord-7.1.6/lib/active_record/connection_adapters/abstract/query_cache.rb:152:in `block in cache_sql'
	from /home/user/.rbenv/versions/3.2.0/lib/ruby/gems/3.2.0/gems/activesupport-7.1.6/lib/active_support/concurrency/null_lock.rb:9:in `synchronize'
	from /home/user/.rbenv/versions/3.2.0/lib/ruby/gems/3.2.0/gems/activerecord-7.1.6/lib/active_record/connection_adapters/abstract/query_cache.rb:147:in `cache_sql'
	from /home/user/.rbenv/versions/3.2.0/lib/ruby/gems/3.2.0/gems/activerecord-7.1.6/lib/active_record/connection_adapters/abstract/query_cache.rb:112:in `select_all'
	from /home/user/.rbenv/versions/3.2.0/lib/ruby/gems/3.2.0/gems/activerecord-7.1.6/lib/active_record/connection_adapters/mysql2/database_statements.rb:14:in `block in select_all'
	from /home/user/.rbenv/versions/3.2.0/lib/ruby/gems/3.2.0/gems/activerecord-7.1.6/lib/active_record/connection_adapters/abstract_adapter.rb:1027:in `block in with_raw_connection'
	from /home/user/.rbenv/versions/3.2.0/lib/ruby/gems/3.2.0/gems/activesupport-7.1.6/lib/active_support/concurrency/null_lock.rb:9:in `synchronize'
	from /home/user/.rbenv/versions/3.2.0/lib/ruby/gems/3.2.0/gems/activerecord-7.1.6/lib/active_record/connection_adapters/abstract_adapter.rb:999:in `with_raw_connection'
	from /home/user/.rbenv/versions/3.2.0/lib/ruby/gems/3.2.0/gems/activerecord-7.1.6/lib/active_record/connection_adapters/mysql2/database_statements.rb:10:in `select_all'
	from /home/user/.rbenv/versions/3.2.0/lib/ruby/gems/3.2.0/gems/activerecord-7.1.6/lib/active_record/querying.rb:62:in `_query_by_sql'
	from /home/user/.rbenv/versions/3.2.0/lib/ruby/gems/3.2.0/gems/activerecord-7.1.6/lib/active_record/querying.rb:51:in `find_by_sql'
	from /home/user/.rbenv/versions/3.2.0/lib/ruby/gems/3.2.0/gems/activerecord-7.1.6/lib/active_record/statement_cache.rb:150:in `execute'
	from /home/user/.rbenv/versions/3.2.0/lib/ruby/gems/3.2.0/gems/activerecord-7.1.6/lib/active_record/associations/association.rb:235:in `find_target'
	from /home/user/.rbenv/versions/3.2.0/lib/ruby/gems/3.2.0/gems/activerecord-7.1.6/lib/active_record/associations/singular_association.rb:44:in `find_target'
	from /home/user/.rbenv/versions/3.2.0/lib/ruby/gems/3.2.0/gems/activerecord-7.1.6/lib/active_record/associations/association.rb:176:in `load_target'
	from /home/user/.rbenv/versions/3.2.0/lib/ruby/gems/3.2.0/gems/activerecord-7.1.6/lib/active_record/associations/association.rb:70:in `reload'
	from /home/user/.rbenv/versions/3.2.0/lib/ruby/gems/3.2.0/gems/activerecord-7.1.6/lib/active_record/associations/singular_association.rb:11:in `reader'
	from /home/user/.rbenv/versions/3.2.0/lib/ruby/gems/3.2.0/gems/activerecord-7.1.6/lib/active_record/associations/builder/association.rb:104:in `transaction_record'
	from /home/user/.rbenv/versions/3.2.0/lib/ruby/gems/3.2.0/gems/activemodel-7.1.6/lib/active_model/validator.rb:152:in `block in validate'
	from /home/user/.rbenv/versions/3.2.0/lib/ruby/gems/3.2.0/gems/activemodel-7.1.6/lib/active_model/validator.rb:151:in `each'
	from /home/user/.rbenv/versions/3.2.0/lib/ruby/gems/3.2.0/gems/activemodel-7.1.6/lib/active_model/validator.rb:151:in `validate'
	from /home/user/.rbenv/versions/3.2.0/lib/ruby/gems/3.2.0/gems/activesupport-7.1.6/lib/active_support/callbacks.rb:426:in `block in make_lambda'
	from /home/user/.rbenv/versions/3.2.0/lib/ruby/gems/3.2.0/gems/activesupport-7.1.6/lib/active_support/callbacks.rb:183:in `block (2 levels) in halting_and_conditional'
	from /home/user/.rbenv/versions/3.2.0/lib/ruby/gems/3.2.0/gems/activesupport-7.1.6/lib/active_support/callbacks.rb:707:in `block (2 levels) in default_terminator'
	from /home/user/.rbenv/versions/3.2.0/lib/ruby/gems/3.2.0/gems/activesupport-7.1.6/lib/active_support/callbacks.rb:706:in `catch'
	from /home/user/.rbenv/versions/3.2.0/lib/ruby/gems/3.2.0/gems/activesupport-7.1.6/lib/active_support/callbacks.rb:706:in `block in default_terminator'
	from /home/user/.rbenv/versions/3.2.0/lib/ruby/gems/3.2.0/gems/activesupport-7.1.6/lib/active_support/callbacks.rb:184:in `block in halting_and_conditional'
	from /home/user/.rbenv/versions/3.2.0/lib/ruby/gems/3.2.0/gems/activesupport-7.1.6/lib/active_support/callbacks.rb:598:in `block in invoke_before'
	from /home/user/.rbenv/versions/3.2.0/lib/ruby/gems/3.2.0/gems/activesupport-7.1.6/lib/active_support/callbacks.rb:598:in `each'
	from /home/user/.rbenv/versions/3.2.0/lib/ruby/gems/3.2.0/gems/activesupport-7.1.6/lib/active_support/callbacks.rb:598:in `invoke_before'
	from /home/user/.rbenv/versions/3.2.0/lib/ruby/gems/3.2.0/gems/activesupport-7.1.6/lib/active_support/callbacks.rb:109:in `run_callbacks'
	from /home/user/.rbenv/versions/3.2.0/lib/ruby/gems/3.2.0/gems/activesupport-7.1.6/lib/active_support/callbacks.rb:952:in `_run_validate_callbacks'
	from /home/user/.rbenv/versions/3.2.0/lib/ruby/gems/3.2.0/gems/activemodel-7.1.6/lib/active_model/validations.rb:441:in `run_validations!'
	from /home/user/.rbenv/versions/3.2.0/lib/ruby/gems/3.2.0/gems/activemodel-7.1.6/lib/active_model/validations/callbacks.rb:115:in `block in run_validations!'
	from /home/user/.rbenv/versions/3.2.0/lib/ruby/gems/3.2.0/gems/activesupport-7.1.6/lib/active_support/callbacks.rb:110:in `run_callbacks'
	from /home/user/.rbenv/versions/3.2.0/lib/ruby/gems/3.2.0/gems/activesupport-7.1.6/lib/active_support/callbacks.rb:952:in `_run_validation_callbacks'
	from /home/user/.rbenv/versions/3.2.0/lib/ruby/gems/3.2.0/gems/activemodel-7.1.6/lib/active_model/validations/callbacks.rb:115:in `run_validations!'
	from /home/user/.rbenv/versions/3.2.0/lib/ruby/gems/3.2.0/gems/activemodel-7.1.6/lib/active_model/validations.rb:366:in `valid?'
	from /home/user/.rbenv/versions/3.2.0/lib/ruby/gems/3.2.0/gems/activerecord-7.1.6/lib/active_record/validations.rb:72:in `valid?'
	from /home/user/.rbenv/versions/3.2.0/lib/ruby/gems/3.2.0/gems/activerecord-7.1.6/lib/active_record/validations.rb:88:in `perform_validations'
	from /home/user/.rbenv/versions/3.2.0/lib/ruby/gems/3.2.0/gems/activerecord-7.1.6/lib/active_record/validations.rb:55:in `save!'
	from /home/user/.rbenv/versions/3.2.0/lib/ruby/gems/3.2.0/gems/activerecord-7.1.6/lib/active_record/transactions.rb:313:in `block in save!'
	from /home/user/.rbenv/versions/3.2.0/lib/ruby/gems/3.2.0/gems/activerecord-7.1.6/lib/active_record/transactions.rb:365:in `block in with_transaction_returning_status'
	from /home/user/.rbenv/versions/3.2.0/lib/ruby/gems/3.2.0/gems/activerecord-7.1.6/lib/active_record/connection_adapters/abstract/database_statements.rb:342:in `transaction'
	from /home/user/.rbenv/versions/3.2.0/lib/ruby/gems/3.2.0/gems/activerecord-7.1.6/lib/active_record/transactions.rb:361:in `with_transaction_returning_status'
	from /home/user/.rbenv/versions/3.2.0/lib/ruby/gems/3.2.0/gems/activerecord-7.1.6/lib/active_record/transactions.rb:313:in `save!'
	from /home/user/.rbenv/versions/3.2.0/lib/ruby/gems/3.2.0/gems/activerecord-7.1.6/lib/active_record/suppressor.rb:56:in `save!'
	from /home/user/.rbenv/versions/3.2.0/lib/ruby/gems/3.2.0/gems/activerecord-7.1.6/lib/active_record/persistence.rb:55:in `create!'
	from /home/user/.rbenv/versions/3.2.0/lib/ruby/gems/3.2.0/gems/activerecord-7.1.6/lib/active_record/relation.rb:928:in `_create!'
	from /home/user/.rbenv/versions/3.2.0/lib/ruby/gems/3.2.0/gems/activerecord-7.1.6/lib/active_record/relation.rb:118:in `block in create!'
	from /home/user/.rbenv/versions/3.2.0/lib/ruby/gems/3.2.0/gems/activerecord-7.1.6/lib/active_record/relation.rb:939:in `_scoping'
	from /home/user/.rbenv/versions/3.2.0/lib/ruby/gems/3.2.0/gems/activerecord-7.1.6/lib/active_record/relation.rb:467:in `scoping'
	from /home/user/.rbenv/versions/3.2.0/lib/ruby/gems/3.2.0/gems/activerecord-7.1.6/lib/active_record/relation.rb:118:in `create!'
	from /home/user/.rbenv/versions/3.2.0/lib/ruby/gems/3.2.0/gems/activerecord-7.1.6/lib/active_record/relation.rb:229:in `block in create_or_find_by!'
	from /home/user/.rbenv/versions/3.2.0/lib/ruby/gems/3.2.0/gems/activerecord-7.1.6/lib/active_record/connection_adapters/abstract/transaction.rb:535:in `block in within_new_transaction'
	from /home/user/.rbenv/versions/3.2.0/lib/ruby/gems/3.2.0/gems/activesupport-7.1.6/lib/active_support/concurrency/null_lock.rb:9:in `synchronize'
	from /home/user/.rbenv/versions/3.2.0/lib/ruby/gems/3.2.0/gems/activerecord-7.1.6/lib/active_record/connection_adapters/abstract/transaction.rb:532:in `within_new_transaction'
	from /home/user/.rbenv/versions/3.2.0/lib/ruby/gems/3.2.0/gems/activerecord-7.1.6/lib/active_record/connection_adapters/abstract/database_statements.rb:344:in `transaction'
	from /home/user/.rbenv/versions/3.2.0/lib/ruby/gems/3.2.0/gems/activerecord-7.1.6/lib/active_record/transactions.rb:212:in `transaction'
	from /home/user/.rbenv/versions/3.2.0/lib/ruby/gems/3.2.0/gems/activerecord-7.1.6/lib/active_record/relation/delegation.rb:105:in `transaction'
	from /home/user/.rbenv/versions/3.2.0/lib/ruby/gems/3.2.0/gems/activerecord-7.1.6/lib/active_record/relation.rb:229:in `create_or_find_by!'
	from /home/user/.rbenv/versions/3.2.0/lib/ruby/gems/3.2.0/gems/activerecord-7.1.6/lib/active_record/relation.rb:183:in `find_or_create_by!'
	from /home/user/.rbenv/versions/3.2.0/lib/ruby/gems/3.2.0/gems/activerecord-7.1.6/lib/active_record/querying.rb:23:in `find_or_create_by!'
	from /data/blockdag1/ethereum_explorer/app/services/indexer/index_log_service.rb:25:in `save_log'
	from /data/blockdag1/ethereum_explorer/app/services/indexer/index_log_service.rb:14:in `call'
	from /data/blockdag1/ethereum_explorer/app/services/indexer/index_log_service.rb:4:in `call'
	from /data/blockdag1/ethereum_explorer/app/services/indexer/index_transaction_service.rb:27:in `block in call'
	from /data/blockdag1/ethereum_explorer/app/services/indexer/index_transaction_service.rb:26:in `each'
	from /data/blockdag1/ethereum_explorer/app/services/indexer/index_transaction_service.rb:26:in `call'
	from /data/blockdag1/ethereum_explorer/app/services/indexer/index_transaction_service.rb:4:in `call'
	from /data/blockdag1/ethereum_explorer/app/services/indexer/index_block_service.rb:24:in `block (2 levels) in call'
	from /data/blockdag1/ethereum_explorer/app/services/indexer/index_block_service.rb:23:in `each'
	from /data/blockdag1/ethereum_explorer/app/services/indexer/index_block_service.rb:23:in `block in call'
	from /home/user/.rbenv/versions/3.2.0/lib/ruby/gems/3.2.0/gems/activerecord-7.1.6/lib/active_record/connection_adapters/abstract/transaction.rb:535:in `block in within_new_transaction'
	from /home/user/.rbenv/versions/3.2.0/lib/ruby/gems/3.2.0/gems/activesupport-7.1.6/lib/active_support/concurrency/null_lock.rb:9:in `synchronize'
	from /home/user/.rbenv/versions/3.2.0/lib/ruby/gems/3.2.0/gems/activerecord-7.1.6/lib/active_record/connection_adapters/abstract/transaction.rb:532:in `within_new_transaction'
	from /home/user/.rbenv/versions/3.2.0/lib/ruby/gems/3.2.0/gems/activerecord-7.1.6/lib/active_record/connection_adapters/abstract/database_statements.rb:344:in `transaction'
	from /home/user/.rbenv/versions/3.2.0/lib/ruby/gems/3.2.0/gems/activerecord-7.1.6/lib/active_record/transactions.rb:212:in `transaction'
	from /data/blockdag1/ethereum_explorer/app/services/indexer/index_block_service.rb:17:in `call'
	from /data/blockdag1/ethereum_explorer/app/services/indexer/index_block_service.rb:4:in `call'
	from /home/user/.rbenv/versions/3.2.0/lib/ruby/gems/3.2.0/gems/railties-7.1.6/lib/rails/commands/runner/runner_command.rb:46:in `<main>'
	from /home/user/.rbenv/versions/3.2.0/lib/ruby/gems/3.2.0/gems/railties-7.1.6/lib/rails/commands/runner/runner_command.rb:46:in `eval'
	from /home/user/.rbenv/versions/3.2.0/lib/ruby/gems/3.2.0/gems/railties-7.1.6/lib/rails/commands/runner/runner_command.rb:46:in `block in perform'
	from /home/user/.rbenv/versions/3.2.0/lib/ruby/gems/3.2.0/gems/activesupport-7.1.6/lib/active_support/execution_wrapper.rb:92:in `wrap'
	from /home/user/.rbenv/versions/3.2.0/lib/ruby/gems/3.2.0/gems/railties-7.1.6/lib/rails/commands/runner/runner_command.rb:45:in `perform'
	from /home/user/.rbenv/versions/3.2.0/lib/ruby/gems/3.2.0/gems/thor-1.5.0/lib/thor/command.rb:28:in `run'
	from /home/user/.rbenv/versions/3.2.0/lib/ruby/gems/3.2.0/gems/thor-1.5.0/lib/thor/invocation.rb:127:in `invoke_command'
	from /home/user/.rbenv/versions/3.2.0/lib/ruby/gems/3.2.0/gems/railties-7.1.6/lib/rails/command/base.rb:178:in `invoke_command'
	from /home/user/.rbenv/versions/3.2.0/lib/ruby/gems/3.2.0/gems/thor-1.5.0/lib/thor.rb:538:in `dispatch'
	from /home/user/.rbenv/versions/3.2.0/lib/ruby/gems/3.2.0/gems/railties-7.1.6/lib/rails/command/base.rb:73:in `perform'
	from /home/user/.rbenv/versions/3.2.0/lib/ruby/gems/3.2.0/gems/railties-7.1.6/lib/rails/command.rb:71:in `block in invoke'
	from /home/user/.rbenv/versions/3.2.0/lib/ruby/gems/3.2.0/gems/railties-7.1.6/lib/rails/command.rb:149:in `with_argv'
	from /home/user/.rbenv/versions/3.2.0/lib/ruby/gems/3.2.0/gems/railties-7.1.6/lib/rails/command.rb:69:in `invoke'
	from /home/user/.rbenv/versions/3.2.0/lib/ruby/gems/3.2.0/gems/railties-7.1.6/lib/rails/commands.rb:18:in `<main>'
	from /home/user/.rbenv/versions/3.2.0/lib/ruby/gems/3.2.0/gems/bootsnap-1.21.1/lib/bootsnap/load_path_cache/core_ext/kernel_require.rb:33:in `require'
	from /home/user/.rbenv/versions/3.2.0/lib/ruby/gems/3.2.0/gems/bootsnap-1.21.1/lib/bootsnap/load_path_cache/core_ext/kernel_require.rb:33:in `require'
	from bin/rails:9:in `<main>'
/home/user/.rbenv/versions/3.2.0/lib/ruby/gems/3.2.0/gems/mysql2-0.5.7/lib/mysql2/client.rb:146:in `_query': Unknown column 'transactions.hash' in 'where clause' (Mysql2::Error)
	from /home/user/.rbenv/versions/3.2.0/lib/ruby/gems/3.2.0/gems/mysql2-0.5.7/lib/mysql2/client.rb:146:in `block in query'
	from /home/user/.rbenv/versions/3.2.0/lib/ruby/gems/3.2.0/gems/mysql2-0.5.7/lib/mysql2/client.rb:145:in `handle_interrupt'
	from /home/user/.rbenv/versions/3.2.0/lib/ruby/gems/3.2.0/gems/mysql2-0.5.7/lib/mysql2/client.rb:145:in `query'
	from /home/user/.rbenv/versions/3.2.0/lib/ruby/gems/3.2.0/gems/activerecord-7.1.6/lib/active_record/connection_adapters/mysql2/database_statements.rb:100:in `block (2 levels) in raw_execute'
	from /home/user/.rbenv/versions/3.2.0/lib/ruby/gems/3.2.0/gems/activerecord-7.1.6/lib/active_record/connection_adapters/abstract_adapter.rb:1027:in `block in with_raw_connection'
	from /home/user/.rbenv/versions/3.2.0/lib/ruby/gems/3.2.0/gems/activesupport-7.1.6/lib/active_support/concurrency/null_lock.rb:9:in `synchronize'
	from /home/user/.rbenv/versions/3.2.0/lib/ruby/gems/3.2.0/gems/activerecord-7.1.6/lib/active_record/connection_adapters/abstract_adapter.rb:999:in `with_raw_connection'
	from /home/user/.rbenv/versions/3.2.0/lib/ruby/gems/3.2.0/gems/activerecord-7.1.6/lib/active_record/connection_adapters/mysql2/database_statements.rb:98:in `block in raw_execute'
	from /home/user/.rbenv/versions/3.2.0/lib/ruby/gems/3.2.0/gems/activesupport-7.1.6/lib/active_support/notifications/instrumenter.rb:58:in `instrument'
	from /home/user/.rbenv/versions/3.2.0/lib/ruby/gems/3.2.0/gems/activerecord-7.1.6/lib/active_record/connection_adapters/abstract_adapter.rb:1142:in `log'
	from /home/user/.rbenv/versions/3.2.0/lib/ruby/gems/3.2.0/gems/activerecord-7.1.6/lib/active_record/connection_adapters/mysql2/database_statements.rb:97:in `raw_execute'
	from /home/user/.rbenv/versions/3.2.0/lib/ruby/gems/3.2.0/gems/activerecord-7.1.6/lib/active_record/connection_adapters/abstract_mysql_adapter.rb:233:in `execute_and_free'
	from /home/user/.rbenv/versions/3.2.0/lib/ruby/gems/3.2.0/gems/activerecord-7.1.6/lib/active_record/connection_adapters/mysql2/database_statements.rb:23:in `internal_exec_query'
	from /home/user/.rbenv/versions/3.2.0/lib/ruby/gems/3.2.0/gems/activerecord-7.1.6/lib/active_record/connection_adapters/abstract/database_statements.rb:630:in `select'
	from /home/user/.rbenv/versions/3.2.0/lib/ruby/gems/3.2.0/gems/activerecord-7.1.6/lib/active_record/connection_adapters/abstract/database_statements.rb:71:in `select_all'
	from /home/user/.rbenv/versions/3.2.0/lib/ruby/gems/3.2.0/gems/activerecord-7.1.6/lib/active_record/connection_adapters/abstract/query_cache.rb:112:in `block in select_all'
	from /home/user/.rbenv/versions/3.2.0/lib/ruby/gems/3.2.0/gems/activerecord-7.1.6/lib/active_record/connection_adapters/abstract/query_cache.rb:152:in `block in cache_sql'
	from /home/user/.rbenv/versions/3.2.0/lib/ruby/gems/3.2.0/gems/activesupport-7.1.6/lib/active_support/concurrency/null_lock.rb:9:in `synchronize'
	from /home/user/.rbenv/versions/3.2.0/lib/ruby/gems/3.2.0/gems/activerecord-7.1.6/lib/active_record/connection_adapters/abstract/query_cache.rb:147:in `cache_sql'
	from /home/user/.rbenv/versions/3.2.0/lib/ruby/gems/3.2.0/gems/activerecord-7.1.6/lib/active_record/connection_adapters/abstract/query_cache.rb:112:in `select_all'
	from /home/user/.rbenv/versions/3.2.0/lib/ruby/gems/3.2.0/gems/activerecord-7.1.6/lib/active_record/connection_adapters/mysql2/database_statements.rb:14:in `block in select_all'
	from /home/user/.rbenv/versions/3.2.0/lib/ruby/gems/3.2.0/gems/activerecord-7.1.6/lib/active_record/connection_adapters/abstract_adapter.rb:1027:in `block in with_raw_connection'
	from /home/user/.rbenv/versions/3.2.0/lib/ruby/gems/3.2.0/gems/activesupport-7.1.6/lib/active_support/concurrency/null_lock.rb:9:in `synchronize'
	from /home/user/.rbenv/versions/3.2.0/lib/ruby/gems/3.2.0/gems/activerecord-7.1.6/lib/active_record/connection_adapters/abstract_adapter.rb:999:in `with_raw_connection'
	from /home/user/.rbenv/versions/3.2.0/lib/ruby/gems/3.2.0/gems/activerecord-7.1.6/lib/active_record/connection_adapters/mysql2/database_statements.rb:10:in `select_all'
	from /home/user/.rbenv/versions/3.2.0/lib/ruby/gems/3.2.0/gems/activerecord-7.1.6/lib/active_record/querying.rb:62:in `_query_by_sql'
	from /home/user/.rbenv/versions/3.2.0/lib/ruby/gems/3.2.0/gems/activerecord-7.1.6/lib/active_record/querying.rb:51:in `find_by_sql'
	from /home/user/.rbenv/versions/3.2.0/lib/ruby/gems/3.2.0/gems/activerecord-7.1.6/lib/active_record/statement_cache.rb:150:in `execute'
	from /home/user/.rbenv/versions/3.2.0/lib/ruby/gems/3.2.0/gems/activerecord-7.1.6/lib/active_record/associations/association.rb:235:in `find_target'
	from /home/user/.rbenv/versions/3.2.0/lib/ruby/gems/3.2.0/gems/activerecord-7.1.6/lib/active_record/associations/singular_association.rb:44:in `find_target'
	from /home/user/.rbenv/versions/3.2.0/lib/ruby/gems/3.2.0/gems/activerecord-7.1.6/lib/active_record/associations/association.rb:176:in `load_target'
	from /home/user/.rbenv/versions/3.2.0/lib/ruby/gems/3.2.0/gems/activerecord-7.1.6/lib/active_record/associations/association.rb:70:in `reload'
	from /home/user/.rbenv/versions/3.2.0/lib/ruby/gems/3.2.0/gems/activerecord-7.1.6/lib/active_record/associations/singular_association.rb:11:in `reader'
	from /home/user/.rbenv/versions/3.2.0/lib/ruby/gems/3.2.0/gems/activerecord-7.1.6/lib/active_record/associations/builder/association.rb:104:in `transaction_record'
	from /home/user/.rbenv/versions/3.2.0/lib/ruby/gems/3.2.0/gems/activemodel-7.1.6/lib/active_model/validator.rb:152:in `block in validate'
	from /home/user/.rbenv/versions/3.2.0/lib/ruby/gems/3.2.0/gems/activemodel-7.1.6/lib/active_model/validator.rb:151:in `each'
	from /home/user/.rbenv/versions/3.2.0/lib/ruby/gems/3.2.0/gems/activemodel-7.1.6/lib/active_model/validator.rb:151:in `validate'
	from /home/user/.rbenv/versions/3.2.0/lib/ruby/gems/3.2.0/gems/activesupport-7.1.6/lib/active_support/callbacks.rb:426:in `block in make_lambda'
	from /home/user/.rbenv/versions/3.2.0/lib/ruby/gems/3.2.0/gems/activesupport-7.1.6/lib/active_support/callbacks.rb:183:in `block (2 levels) in halting_and_conditional'
	from /home/user/.rbenv/versions/3.2.0/lib/ruby/gems/3.2.0/gems/activesupport-7.1.6/lib/active_support/callbacks.rb:707:in `block (2 levels) in default_terminator'
	from /home/user/.rbenv/versions/3.2.0/lib/ruby/gems/3.2.0/gems/activesupport-7.1.6/lib/active_support/callbacks.rb:706:in `catch'
	from /home/user/.rbenv/versions/3.2.0/lib/ruby/gems/3.2.0/gems/activesupport-7.1.6/lib/active_support/callbacks.rb:706:in `block in default_terminator'
	from /home/user/.rbenv/versions/3.2.0/lib/ruby/gems/3.2.0/gems/activesupport-7.1.6/lib/active_support/callbacks.rb:184:in `block in halting_and_conditional'
	from /home/user/.rbenv/versions/3.2.0/lib/ruby/gems/3.2.0/gems/activesupport-7.1.6/lib/active_support/callbacks.rb:598:in `block in invoke_before'
	from /home/user/.rbenv/versions/3.2.0/lib/ruby/gems/3.2.0/gems/activesupport-7.1.6/lib/active_support/callbacks.rb:598:in `each'
	from /home/user/.rbenv/versions/3.2.0/lib/ruby/gems/3.2.0/gems/activesupport-7.1.6/lib/active_support/callbacks.rb:598:in `invoke_before'
	from /home/user/.rbenv/versions/3.2.0/lib/ruby/gems/3.2.0/gems/activesupport-7.1.6/lib/active_support/callbacks.rb:109:in `run_callbacks'
	from /home/user/.rbenv/versions/3.2.0/lib/ruby/gems/3.2.0/gems/activesupport-7.1.6/lib/active_support/callbacks.rb:952:in `_run_validate_callbacks'
	from /home/user/.rbenv/versions/3.2.0/lib/ruby/gems/3.2.0/gems/activemodel-7.1.6/lib/active_model/validations.rb:441:in `run_validations!'
	from /home/user/.rbenv/versions/3.2.0/lib/ruby/gems/3.2.0/gems/activemodel-7.1.6/lib/active_model/validations/callbacks.rb:115:in `block in run_validations!'
	from /home/user/.rbenv/versions/3.2.0/lib/ruby/gems/3.2.0/gems/activesupport-7.1.6/lib/active_support/callbacks.rb:110:in `run_callbacks'
	from /home/user/.rbenv/versions/3.2.0/lib/ruby/gems/3.2.0/gems/activesupport-7.1.6/lib/active_support/callbacks.rb:952:in `_run_validation_callbacks'
	from /home/user/.rbenv/versions/3.2.0/lib/ruby/gems/3.2.0/gems/activemodel-7.1.6/lib/active_model/validations/callbacks.rb:115:in `run_validations!'
	from /home/user/.rbenv/versions/3.2.0/lib/ruby/gems/3.2.0/gems/activemodel-7.1.6/lib/active_model/validations.rb:366:in `valid?'
	from /home/user/.rbenv/versions/3.2.0/lib/ruby/gems/3.2.0/gems/activerecord-7.1.6/lib/active_record/validations.rb:72:in `valid?'
	from /home/user/.rbenv/versions/3.2.0/lib/ruby/gems/3.2.0/gems/activerecord-7.1.6/lib/active_record/validations.rb:88:in `perform_validations'
	from /home/user/.rbenv/versions/3.2.0/lib/ruby/gems/3.2.0/gems/activerecord-7.1.6/lib/active_record/validations.rb:55:in `save!'
	from /home/user/.rbenv/versions/3.2.0/lib/ruby/gems/3.2.0/gems/activerecord-7.1.6/lib/active_record/transactions.rb:313:in `block in save!'
	from /home/user/.rbenv/versions/3.2.0/lib/ruby/gems/3.2.0/gems/activerecord-7.1.6/lib/active_record/transactions.rb:365:in `block in with_transaction_returning_status'
	from /home/user/.rbenv/versions/3.2.0/lib/ruby/gems/3.2.0/gems/activerecord-7.1.6/lib/active_record/connection_adapters/abstract/database_statements.rb:342:in `transaction'
	from /home/user/.rbenv/versions/3.2.0/lib/ruby/gems/3.2.0/gems/activerecord-7.1.6/lib/active_record/transactions.rb:361:in `with_transaction_returning_status'
	from /home/user/.rbenv/versions/3.2.0/lib/ruby/gems/3.2.0/gems/activerecord-7.1.6/lib/active_record/transactions.rb:313:in `save!'
	from /home/user/.rbenv/versions/3.2.0/lib/ruby/gems/3.2.0/gems/activerecord-7.1.6/lib/active_record/suppressor.rb:56:in `save!'
	from /home/user/.rbenv/versions/3.2.0/lib/ruby/gems/3.2.0/gems/activerecord-7.1.6/lib/active_record/persistence.rb:55:in `create!'
	from /home/user/.rbenv/versions/3.2.0/lib/ruby/gems/3.2.0/gems/activerecord-7.1.6/lib/active_record/relation.rb:928:in `_create!'
	from /home/user/.rbenv/versions/3.2.0/lib/ruby/gems/3.2.0/gems/activerecord-7.1.6/lib/active_record/relation.rb:118:in `block in create!'
	from /home/user/.rbenv/versions/3.2.0/lib/ruby/gems/3.2.0/gems/activerecord-7.1.6/lib/active_record/relation.rb:939:in `_scoping'
	from /home/user/.rbenv/versions/3.2.0/lib/ruby/gems/3.2.0/gems/activerecord-7.1.6/lib/active_record/relation.rb:467:in `scoping'
	from /home/user/.rbenv/versions/3.2.0/lib/ruby/gems/3.2.0/gems/activerecord-7.1.6/lib/active_record/relation.rb:118:in `create!'
	from /home/user/.rbenv/versions/3.2.0/lib/ruby/gems/3.2.0/gems/activerecord-7.1.6/lib/active_record/relation.rb:229:in `block in create_or_find_by!'
	from /home/user/.rbenv/versions/3.2.0/lib/ruby/gems/3.2.0/gems/activerecord-7.1.6/lib/active_record/connection_adapters/abstract/transaction.rb:535:in `block in within_new_transaction'
	from /home/user/.rbenv/versions/3.2.0/lib/ruby/gems/3.2.0/gems/activesupport-7.1.6/lib/active_support/concurrency/null_lock.rb:9:in `synchronize'
	from /home/user/.rbenv/versions/3.2.0/lib/ruby/gems/3.2.0/gems/activerecord-7.1.6/lib/active_record/connection_adapters/abstract/transaction.rb:532:in `within_new_transaction'
	from /home/user/.rbenv/versions/3.2.0/lib/ruby/gems/3.2.0/gems/activerecord-7.1.6/lib/active_record/connection_adapters/abstract/database_statements.rb:344:in `transaction'
	from /home/user/.rbenv/versions/3.2.0/lib/ruby/gems/3.2.0/gems/activerecord-7.1.6/lib/active_record/transactions.rb:212:in `transaction'
	from /home/user/.rbenv/versions/3.2.0/lib/ruby/gems/3.2.0/gems/activerecord-7.1.6/lib/active_record/relation/delegation.rb:105:in `transaction'
	from /home/user/.rbenv/versions/3.2.0/lib/ruby/gems/3.2.0/gems/activerecord-7.1.6/lib/active_record/relation.rb:229:in `create_or_find_by!'
	from /home/user/.rbenv/versions/3.2.0/lib/ruby/gems/3.2.0/gems/activerecord-7.1.6/lib/active_record/relation.rb:183:in `find_or_create_by!'
	from /home/user/.rbenv/versions/3.2.0/lib/ruby/gems/3.2.0/gems/activerecord-7.1.6/lib/active_record/querying.rb:23:in `find_or_create_by!'
	from /data/blockdag1/ethereum_explorer/app/services/indexer/index_log_service.rb:25:in `save_log'
	from /data/blockdag1/ethereum_explorer/app/services/indexer/index_log_service.rb:14:in `call'
	from /data/blockdag1/ethereum_explorer/app/services/indexer/index_log_service.rb:4:in `call'
	from /data/blockdag1/ethereum_explorer/app/services/indexer/index_transaction_service.rb:27:in `block in call'
	from /data/blockdag1/ethereum_explorer/app/services/indexer/index_transaction_service.rb:26:in `each'
	from /data/blockdag1/ethereum_explorer/app/services/indexer/index_transaction_service.rb:26:in `call'
	from /data/blockdag1/ethereum_explorer/app/services/indexer/index_transaction_service.rb:4:in `call'
	from /data/blockdag1/ethereum_explorer/app/services/indexer/index_block_service.rb:24:in `block (2 levels) in call'
	from /data/blockdag1/ethereum_explorer/app/services/indexer/index_block_service.rb:23:in `each'
	from /data/blockdag1/ethereum_explorer/app/services/indexer/index_block_service.rb:23:in `block in call'
	from /home/user/.rbenv/versions/3.2.0/lib/ruby/gems/3.2.0/gems/activerecord-7.1.6/lib/active_record/connection_adapters/abstract/transaction.rb:535:in `block in within_new_transaction'
	from /home/user/.rbenv/versions/3.2.0/lib/ruby/gems/3.2.0/gems/activesupport-7.1.6/lib/active_support/concurrency/null_lock.rb:9:in `synchronize'
	from /home/user/.rbenv/versions/3.2.0/lib/ruby/gems/3.2.0/gems/activerecord-7.1.6/lib/active_record/connection_adapters/abstract/transaction.rb:532:in `within_new_transaction'
	from /home/user/.rbenv/versions/3.2.0/lib/ruby/gems/3.2.0/gems/activerecord-7.1.6/lib/active_record/connection_adapters/abstract/database_statements.rb:344:in `transaction'
	from /home/user/.rbenv/versions/3.2.0/lib/ruby/gems/3.2.0/gems/activerecord-7.1.6/lib/active_record/transactions.rb:212:in `transaction'
	from /data/blockdag1/ethereum_explorer/app/services/indexer/index_block_service.rb:17:in `call'
	from /data/blockdag1/ethereum_explorer/app/services/indexer/index_block_service.rb:4:in `call'
	from /home/user/.rbenv/versions/3.2.0/lib/ruby/gems/3.2.0/gems/railties-7.1.6/lib/rails/commands/runner/runner_command.rb:46:in `<main>'
	from /home/user/.rbenv/versions/3.2.0/lib/ruby/gems/3.2.0/gems/railties-7.1.6/lib/rails/commands/runner/runner_command.rb:46:in `eval'
	from /home/user/.rbenv/versions/3.2.0/lib/ruby/gems/3.2.0/gems/railties-7.1.6/lib/rails/commands/runner/runner_command.rb:46:in `block in perform'
	from /home/user/.rbenv/versions/3.2.0/lib/ruby/gems/3.2.0/gems/activesupport-7.1.6/lib/active_support/execution_wrapper.rb:92:in `wrap'
	from /home/user/.rbenv/versions/3.2.0/lib/ruby/gems/3.2.0/gems/railties-7.1.6/lib/rails/commands/runner/runner_command.rb:45:in `perform'
	from /home/user/.rbenv/versions/3.2.0/lib/ruby/gems/3.2.0/gems/thor-1.5.0/lib/thor/command.rb:28:in `run'
	from /home/user/.rbenv/versions/3.2.0/lib/ruby/gems/3.2.0/gems/thor-1.5.0/lib/thor/invocation.rb:127:in `invoke_command'
	from /home/user/.rbenv/versions/3.2.0/lib/ruby/gems/3.2.0/gems/railties-7.1.6/lib/rails/command/base.rb:178:in `invoke_command'
	from /home/user/.rbenv/versions/3.2.0/lib/ruby/gems/3.2.0/gems/thor-1.5.0/lib/thor.rb:538:in `dispatch'
	from /home/user/.rbenv/versions/3.2.0/lib/ruby/gems/3.2.0/gems/railties-7.1.6/lib/rails/command/base.rb:73:in `perform'
	from /home/user/.rbenv/versions/3.2.0/lib/ruby/gems/3.2.0/gems/railties-7.1.6/lib/rails/command.rb:71:in `block in invoke'
	from /home/user/.rbenv/versions/3.2.0/lib/ruby/gems/3.2.0/gems/railties-7.1.6/lib/rails/command.rb:149:in `with_argv'
	from /home/user/.rbenv/versions/3.2.0/lib/ruby/gems/3.2.0/gems/railties-7.1.6/lib/rails/command.rb:69:in `invoke'
	from /home/user/.rbenv/versions/3.2.0/lib/ruby/gems/3.2.0/gems/railties-7.1.6/lib/rails/commands.rb:18:in `<main>'
	from /home/user/.rbenv/versions/3.2.0/lib/ruby/gems/3.2.0/gems/bootsnap-1.21.1/lib/bootsnap/load_path_cache/core_ext/kernel_require.rb:33:in `require'
	from /home/user/.rbenv/versions/3.2.0/lib/ruby/gems/3.2.0/gems/bootsnap-1.21.1/lib/bootsnap/load_path_cache/core_ext/kernel_require.rb:33:in `require'
	from bin/rails:9:in `<main>'
